../Core/Src/main.c:59:6:toggle_red	8	static
../Core/Src/main.c:64:6:toggle_yellow	8	static
../Core/Src/main.c:69:6:toggle_green	8	static
../Core/Src/main.c:74:6:toggle_pink	8	static
../Core/Src/main.c:79:6:toggle_purple	8	static
../Core/Src/main.c:89:5:main	8	static
../Core/Src/main.c:140:6:SystemClock_Config	72	static
../Core/Src/main.c:177:13:MX_TIM2_Init	32	static
../Core/Src/main.c:222:13:MX_GPIO_Init	32	static
../Core/Src/main.c:249:6:HAL_TIM_PeriodElapsedCallback	16	static
../Core/Src/main.c:259:6:Error_Handler	4	static,ignoring_inline_asm
